{
  "cell_fraction_all_training_seeds_task_success": 0.926829268292683,
  "cell_fraction_any_training_seed_task_success": 0.9420231907237105,
  "cell_mean_task_success_rate": 0.9360255897640943,
  "num_initial_condition_cells": 2501,
  "num_training_seeds": 5,
  "theta_bins": 61,
  "velocity_bins": 41,
  "velocity_limit": 1.0,
  "worst_cells": [
    {
      "best_return": -337.06886425523714,
      "max_not_near_upright_streak": 64.0,
      "mean_near_upright_fraction": 0.6920000000000001,
      "mean_return": -339.8986456559116,
      "median_return": -341.0306618239262,
      "num_training_seeds": 5,
      "task_success_rate": 0.0,
      "theta": -3.141592653589793,
      "theta_degrees": -180.0,
      "theta_dot": 1.0,
      "worst_return": -341.60708639392385
    },
    {
      "best_return": -252.26264745380715,
      "max_not_near_upright_streak": 83.0,
      "mean_near_upright_fraction": 0.6449999999999999,
      "mean_return": -339.3379571335812,
      "median_return": -371.66361773280823,
      "num_training_seeds": 5,
      "task_success_rate": 0.0,
      "theta": -3.038589615767177,
      "theta_degrees": -174.0983606557377,
      "theta_dot": -0.04999999999999993,
      "worst_return": -372.41757994432174
    },
    {
      "best_return": -296.4900271101109,
      "max_not_near_upright_streak": 63.0,
      "mean_near_upright_fraction": 0.716,
      "mean_return": -328.13533391791486,
      "median_return": -339.4501529950848,
      "num_training_seeds": 5,
      "task_success_rate": 0.0,
      "theta": -3.141592653589793,
      "theta_degrees": -180.0,
      "theta_dot": -1.0,
      "worst_return": -340.8221967378255
    },
    {
      "best_return": -286.50877740240446,
      "max_not_near_upright_streak": 56.0,
      "mean_near_upright_fraction": 0.746,
      "mean_return": -315.0626967166513,
      "median_return": -330.68172794130373,
      "num_training_seeds": 5,
      "task_success_rate": 0.0,
      "theta": -3.141592653589793,
      "theta_degrees": -180.0,
      "theta_dot": 0.9500000000000002,
      "worst_return": -333.6010376249503
    },
    {
      "best_return": -305.3635886043668,
      "max_not_near_upright_streak": 47.0,
      "mean_near_upright_fraction": 0.765,
      "mean_return": -307.21162020535104,
      "median_return": -306.9310079843582,
      "num_training_seeds": 5,
      "task_success_rate": 0.0,
      "theta": -3.141592653589793,
      "theta_degrees": -180.0,
      "theta_dot": 0.0,
      "worst_return": -309.6042972734836
    },
    {
      "best_return": -289.32877985920936,
      "max_not_near_upright_streak": 52.0,
      "mean_near_upright_fraction": 0.76,
      "mean_return": -305.5812354207026,
      "median_return": -300.3204506348653,
      "num_training_seeds": 5,
      "task_success_rate": 0.0,
      "theta": -3.141592653589793,
      "theta_degrees": -180.0,
      "theta_dot": -0.95,
      "worst_return": -324.73180811102685
    },
    {
      "best_return": -286.93304341152873,
      "max_not_near_upright_streak": 51.0,
      "mean_near_upright_fraction": 0.764,
      "mean_return": -303.7609942029866,
      "median_return": -295.20103131498604,
      "num_training_seeds": 5,
      "task_success_rate": 0.0,
      "theta": -3.141592653589793,
      "theta_degrees": -180.0,
      "theta_dot": 0.9000000000000001,
      "worst_return": -324.2343317980835
    },
    {
      "best_return": -303.1230065933334,
      "max_not_near_upright_streak": 46.0,
      "mean_near_upright_fraction": 0.77,
      "mean_return": -303.32233312909307,
      "median_return": -303.3248399710421,
      "num_training_seeds": 5,
      "task_success_rate": 0.0,
      "theta": -3.141592653589793,
      "theta_degrees": -180.0,
      "theta_dot": -0.04999999999999993,
      "worst_return": -303.5358594238825
    },
    {
      "best_return": -302.9709464725662,
      "max_not_near_upright_streak": 46.0,
      "mean_near_upright_fraction": 0.77,
      "mean_return": -303.2042186881187,
      "median_return": -303.1486878301287,
      "num_training_seeds": 5,
      "task_success_rate": 0.0,
      "theta": -3.141592653589793,
      "theta_degrees": -180.0,
      "theta_dot": 0.050000000000000044,
      "worst_return": -303.51495875140245
    },
    {
      "best_return": -301.90171230868054,
      "max_not_near_upright_streak": 46.0,
      "mean_near_upright_fraction": 0.77,
      "mean_return": -302.1593010788486,
      "median_return": -302.0860496365535,
      "num_training_seeds": 5,
      "task_success_rate": 0.0,
      "theta": -3.141592653589793,
      "theta_degrees": -180.0,
      "theta_dot": -0.09999999999999998,
      "worst_return": -302.51827181242896
    },
    {
      "best_return": -300.9000178414658,
      "max_not_near_upright_streak": 46.0,
      "mean_near_upright_fraction": 0.77,
      "mean_return": -301.82078604270964,
      "median_return": -302.05619577418963,
      "num_training_seeds": 5,
      "task_success_rate": 0.0,
      "theta": -3.141592653589793,
      "theta_degrees": -180.0,
      "theta_dot": 0.10000000000000009,
      "worst_return": -302.3838123857318
    },
    {
      "best_return": -299.79036561041517,
      "max_not_near_upright_streak": 46.0,
      "mean_near_upright_fraction": 0.77,
      "mean_return": -300.7030972106355,
      "median_return": -300.27106017017354,
      "num_training_seeds": 5,
      "task_success_rate": 0.0,
      "theta": -3.141592653589793,
      "theta_degrees": -180.0,
      "theta_dot": -0.1499999999999999,
      "worst_return": -301.8032297209055
    },
    {
      "best_return": -298.6958839463491,
      "max_not_near_upright_streak": 46.0,
      "mean_near_upright_fraction": 0.77,
      "mean_return": -299.8814204478476,
      "median_return": -299.94599358316486,
      "num_training_seeds": 5,
      "task_success_rate": 0.0,
      "theta": -3.141592653589793,
      "theta_degrees": -180.0,
      "theta_dot": 0.15000000000000013,
      "worst_return": -300.81964312565594
    },
    {
      "best_return": -297.73376455877076,
      "max_not_near_upright_streak": 46.0,
      "mean_near_upright_fraction": 0.77,
      "mean_return": -298.9924282962972,
      "median_return": -298.6267300523118,
      "num_training_seeds": 5,
      "task_success_rate": 0.0,
      "theta": -3.141592653589793,
      "theta_degrees": -180.0,
      "theta_dot": -0.19999999999999996,
      "worst_return": -300.14809809334844
    },
    {
      "best_return": -297.6847093538857,
      "max_not_near_upright_streak": 46.0,
      "mean_near_upright_fraction": 0.77,
      "mean_return": -298.32145463963445,
      "median_return": -298.0560558510258,
      "num_training_seeds": 5,
      "task_success_rate": 0.0,
      "theta": -3.141592653589793,
      "theta_degrees": -180.0,
      "theta_dot": 0.20000000000000018,
      "worst_return": -299.29152697513825
    },
    {
      "best_return": -297.3472460700264,
      "max_not_near_upright_streak": 46.0,
      "mean_near_upright_fraction": 0.77,
      "mean_return": -297.6160442292458,
      "median_return": -297.5428130140717,
      "num_training_seeds": 5,
      "task_success_rate": 0.0,
      "theta": -3.141592653589793,
      "theta_degrees": -180.0,
      "theta_dot": -0.25,
      "worst_return": -297.90327370455805
    },
    {
      "best_return": -297.0596193687543,
      "max_not_near_upright_streak": 46.0,
      "mean_near_upright_fraction": 0.77,
      "mean_return": -297.48430804179924,
      "median_return": -297.3654312281313,
      "num_training_seeds": 5,
      "task_success_rate": 0.0,
      "theta": -3.141592653589793,
      "theta_degrees": -180.0,
      "theta_dot": 0.25,
      "worst_return": -298.0467296143266
    },
    {
      "best_return": -296.249602835593,
      "max_not_near_upright_streak": 46.0,
      "mean_near_upright_fraction": 0.771,
      "mean_return": -296.757290447754,
      "median_return": -296.7849129829597,
      "num_training_seeds": 5,
      "task_success_rate": 0.0,
      "theta": -3.141592653589793,
      "theta_degrees": -180.0,
      "theta_dot": -0.29999999999999993,
      "worst_return": -297.0081181480588
    },
    {
      "best_return": -295.9864916320619,
      "max_not_near_upright_streak": 46.0,
      "mean_near_upright_fraction": 0.77,
      "mean_return": -296.7057089714053,
      "median_return": -296.6146274630504,
      "num_training_seeds": 5,
      "task_success_rate": 0.0,
      "theta": -3.141592653589793,
      "theta_degrees": -180.0,
      "theta_dot": 0.30000000000000004,
      "worst_return": -297.18828010198706
    },
    {
      "best_return": -295.03084855304525,
      "max_not_near_upright_streak": 46.0,
      "mean_near_upright_fraction": 0.774,
      "mean_return": -295.6593478441017,
      "median_return": -295.5097367766163,
      "num_training_seeds": 5,
      "task_success_rate": 0.0,
      "theta": -3.141592653589793,
      "theta_degrees": -180.0,
      "theta_dot": 0.3500000000000001,
      "worst_return": -296.5308922122641
    }
  ]
}
